// Jest Snapshot v1, https://goo.gl/fbAQLP

exports[`Storyshots Header Default 1`] = `
<storybook-dynamic-app-root
  cfr={[Function CodegenComponentFactoryResolver]}
  data={[Function Object]}
  target={[Function ViewContainerRef_]}
>
  <app-header>
    <div
      class="navbar"
    >
      <a
        routerlink="/home"
      >
        <h1
          class="title"
        >
          Kaze Patricio Chan
        </h1>
      </a>
      <button>
        <fa-icon
          class="ng-fa-icon"
          ng-reflect-icon="[object Object]"
          ng-reflect-size="2x"
          size="2x"
        >
          <svg
            aria-hidden="true"
            class="svg-inline--fa fa-guitar fa-w-16 fa-2x"
            data-icon="guitar"
            data-prefix="fas"
            focusable="false"
            role="img"
            viewBox="0 0 512 512"
            xmlns="http://www.w3.org/2000/svg"
          >
            <path
              d="M502.63 39L473 9.37a32 32 0 0 0-45.26 0L381.46 55.7a35.14 35.14 0 0 0-8.53 13.79L360.77 106l-76.26 76.26c-12.16-8.76-25.5-15.74-40.1-19.14-33.45-7.78-67-.88-89.88 22a82.45 82.45 0 0 0-20.24 33.47c-6 18.56-23.21 32.69-42.15 34.46-23.7 2.27-45.73 11.45-62.61 28.44C-16.11 327-7.9 409 47.58 464.45S185 528 230.56 482.52c17-16.88 26.16-38.9 28.45-62.71 1.76-18.85 15.89-36.13 34.43-42.14a82.6 82.6 0 0 0 33.48-20.25c22.87-22.88 29.74-56.36 22-89.75-3.39-14.64-10.37-28-19.16-40.2L406 151.23l36.48-12.16a35.14 35.14 0 0 0 13.79-8.53l46.33-46.32a32 32 0 0 0 .03-45.22zM208 352a48 48 0 1 1 48-48 48 48 0 0 1-48 48z"
              fill="currentColor"
            />
          </svg>
        </fa-icon>
      </button>
      <div
        class="nav-menu"
      >
        
        <a
          routerlink="/updates"
        >
          <div
            class="text main"
          >
            动态
          </div>
          <fa-icon
            class="ng-fa-icon"
            ng-reflect-icon="[object Object]"
            ng-reflect-size="sm"
            size="sm"
          >
            <svg
              aria-hidden="true"
              class="svg-inline--fa fa-music fa-w-16 fa-sm"
              data-icon="music"
              data-prefix="fas"
              focusable="false"
              role="img"
              viewBox="0 0 512 512"
              xmlns="http://www.w3.org/2000/svg"
            >
              <path
                d="M470.38 1.51L150.41 96A32 32 0 0 0 128 126.51v261.41A139 139 0 0 0 96 384c-53 0-96 28.66-96 64s43 64 96 64 96-28.66 96-64V214.32l256-75v184.61a138.4 138.4 0 0 0-32-3.93c-53 0-96 28.66-96 64s43 64 96 64 96-28.65 96-64V32a32 32 0 0 0-41.62-30.49z"
                fill="currentColor"
              />
            </svg>
          </fa-icon>
          <div
            class="text alt"
          >
            updates
          </div>
        </a>
        <span
          class="dot"
        />
        <a
          routerlink="/discography"
        >
          <div
            class="text main"
          >
            作品集
          </div>
          <fa-icon
            class="ng-fa-icon"
            ng-reflect-icon="[object Object]"
            ng-reflect-size="sm"
            size="sm"
          >
            <svg
              aria-hidden="true"
              class="svg-inline--fa fa-music fa-w-16 fa-sm"
              data-icon="music"
              data-prefix="fas"
              focusable="false"
              role="img"
              viewBox="0 0 512 512"
              xmlns="http://www.w3.org/2000/svg"
            >
              <path
                d="M470.38 1.51L150.41 96A32 32 0 0 0 128 126.51v261.41A139 139 0 0 0 96 384c-53 0-96 28.66-96 64s43 64 96 64 96-28.66 96-64V214.32l256-75v184.61a138.4 138.4 0 0 0-32-3.93c-53 0-96 28.66-96 64s43 64 96 64 96-28.65 96-64V32a32 32 0 0 0-41.62-30.49z"
                fill="currentColor"
              />
            </svg>
          </fa-icon>
          <div
            class="text alt"
          >
            discography
          </div>
        </a>
        <span
          class="dot"
        />
        <a
          routerlink="/media"
        >
          <div
            class="text main"
          >
            媒体
          </div>
          <fa-icon
            class="ng-fa-icon"
            ng-reflect-icon="[object Object]"
            ng-reflect-size="sm"
            size="sm"
          >
            <svg
              aria-hidden="true"
              class="svg-inline--fa fa-music fa-w-16 fa-sm"
              data-icon="music"
              data-prefix="fas"
              focusable="false"
              role="img"
              viewBox="0 0 512 512"
              xmlns="http://www.w3.org/2000/svg"
            >
              <path
                d="M470.38 1.51L150.41 96A32 32 0 0 0 128 126.51v261.41A139 139 0 0 0 96 384c-53 0-96 28.66-96 64s43 64 96 64 96-28.66 96-64V214.32l256-75v184.61a138.4 138.4 0 0 0-32-3.93c-53 0-96 28.66-96 64s43 64 96 64 96-28.65 96-64V32a32 32 0 0 0-41.62-30.49z"
                fill="currentColor"
              />
            </svg>
          </fa-icon>
          <div
            class="text alt"
          >
            media
          </div>
        </a>
      </div>
    </div>
    <app-scrollable-labels
      class="tab-menu"
    >
      <span
        class="edge-fade left"
      />
      <div
        class="label-list"
      >
        
        <a
          routerlink="/updates"
        >
          <div
            class="text main"
          >
            动态
          </div>
          <fa-icon
            class="ng-fa-icon"
            ng-reflect-icon="[object Object]"
            ng-reflect-size="sm"
            size="sm"
          >
            <svg
              aria-hidden="true"
              class="svg-inline--fa fa-music fa-w-16 fa-sm"
              data-icon="music"
              data-prefix="fas"
              focusable="false"
              role="img"
              viewBox="0 0 512 512"
              xmlns="http://www.w3.org/2000/svg"
            >
              <path
                d="M470.38 1.51L150.41 96A32 32 0 0 0 128 126.51v261.41A139 139 0 0 0 96 384c-53 0-96 28.66-96 64s43 64 96 64 96-28.66 96-64V214.32l256-75v184.61a138.4 138.4 0 0 0-32-3.93c-53 0-96 28.66-96 64s43 64 96 64 96-28.65 96-64V32a32 32 0 0 0-41.62-30.49z"
                fill="currentColor"
              />
            </svg>
          </fa-icon>
          <div
            class="text alt"
          >
            updates
          </div>
        </a>
        <span
          class="dot"
        />
        <a
          routerlink="/discography"
        >
          <div
            class="text main"
          >
            作品集
          </div>
          <fa-icon
            class="ng-fa-icon"
            ng-reflect-icon="[object Object]"
            ng-reflect-size="sm"
            size="sm"
          >
            <svg
              aria-hidden="true"
              class="svg-inline--fa fa-music fa-w-16 fa-sm"
              data-icon="music"
              data-prefix="fas"
              focusable="false"
              role="img"
              viewBox="0 0 512 512"
              xmlns="http://www.w3.org/2000/svg"
            >
              <path
                d="M470.38 1.51L150.41 96A32 32 0 0 0 128 126.51v261.41A139 139 0 0 0 96 384c-53 0-96 28.66-96 64s43 64 96 64 96-28.66 96-64V214.32l256-75v184.61a138.4 138.4 0 0 0-32-3.93c-53 0-96 28.66-96 64s43 64 96 64 96-28.65 96-64V32a32 32 0 0 0-41.62-30.49z"
                fill="currentColor"
              />
            </svg>
          </fa-icon>
          <div
            class="text alt"
          >
            discography
          </div>
        </a>
        <span
          class="dot"
        />
        <a
          routerlink="/media"
        >
          <div
            class="text main"
          >
            媒体
          </div>
          <fa-icon
            class="ng-fa-icon"
            ng-reflect-icon="[object Object]"
            ng-reflect-size="sm"
            size="sm"
          >
            <svg
              aria-hidden="true"
              class="svg-inline--fa fa-music fa-w-16 fa-sm"
              data-icon="music"
              data-prefix="fas"
              focusable="false"
              role="img"
              viewBox="0 0 512 512"
              xmlns="http://www.w3.org/2000/svg"
            >
              <path
                d="M470.38 1.51L150.41 96A32 32 0 0 0 128 126.51v261.41A139 139 0 0 0 96 384c-53 0-96 28.66-96 64s43 64 96 64 96-28.66 96-64V214.32l256-75v184.61a138.4 138.4 0 0 0-32-3.93c-53 0-96 28.66-96 64s43 64 96 64 96-28.65 96-64V32a32 32 0 0 0-41.62-30.49z"
                fill="currentColor"
              />
            </svg>
          </fa-icon>
          <div
            class="text alt"
          >
            media
          </div>
        </a>
        <div
          class="end-pad"
        />
      </div>
      <span
        class="edge-fade right"
      />
    </app-scrollable-labels>
    
  </app-header>
</storybook-dynamic-app-root>
`;

exports[`Storyshots Header Menu Closed 1`] = `
<storybook-dynamic-app-root
  cfr={[Function CodegenComponentFactoryResolver]}
  data={[Function Object]}
  target={[Function ViewContainerRef_]}
>
  <app-header>
    <div
      class="navbar"
    >
      <a
        routerlink="/home"
      >
        <h1
          class="title"
        >
          Kaze Patricio Chan
        </h1>
      </a>
      <button>
        <fa-icon
          class="ng-fa-icon"
          ng-reflect-icon="[object Object]"
          ng-reflect-size="2x"
          size="2x"
        >
          <svg
            aria-hidden="true"
            class="svg-inline--fa fa-guitar fa-w-16 fa-2x"
            data-icon="guitar"
            data-prefix="fas"
            focusable="false"
            role="img"
            viewBox="0 0 512 512"
            xmlns="http://www.w3.org/2000/svg"
          >
            <path
              d="M502.63 39L473 9.37a32 32 0 0 0-45.26 0L381.46 55.7a35.14 35.14 0 0 0-8.53 13.79L360.77 106l-76.26 76.26c-12.16-8.76-25.5-15.74-40.1-19.14-33.45-7.78-67-.88-89.88 22a82.45 82.45 0 0 0-20.24 33.47c-6 18.56-23.21 32.69-42.15 34.46-23.7 2.27-45.73 11.45-62.61 28.44C-16.11 327-7.9 409 47.58 464.45S185 528 230.56 482.52c17-16.88 26.16-38.9 28.45-62.71 1.76-18.85 15.89-36.13 34.43-42.14a82.6 82.6 0 0 0 33.48-20.25c22.87-22.88 29.74-56.36 22-89.75-3.39-14.64-10.37-28-19.16-40.2L406 151.23l36.48-12.16a35.14 35.14 0 0 0 13.79-8.53l46.33-46.32a32 32 0 0 0 .03-45.22zM208 352a48 48 0 1 1 48-48 48 48 0 0 1-48 48z"
              fill="currentColor"
            />
          </svg>
        </fa-icon>
      </button>
      <div
        class="nav-menu"
      >
        
        <a
          routerlink="/updates"
        >
          <div
            class="text main"
          >
            动态
          </div>
          <fa-icon
            class="ng-fa-icon"
            ng-reflect-icon="[object Object]"
            ng-reflect-size="sm"
            size="sm"
          >
            <svg
              aria-hidden="true"
              class="svg-inline--fa fa-music fa-w-16 fa-sm"
              data-icon="music"
              data-prefix="fas"
              focusable="false"
              role="img"
              viewBox="0 0 512 512"
              xmlns="http://www.w3.org/2000/svg"
            >
              <path
                d="M470.38 1.51L150.41 96A32 32 0 0 0 128 126.51v261.41A139 139 0 0 0 96 384c-53 0-96 28.66-96 64s43 64 96 64 96-28.66 96-64V214.32l256-75v184.61a138.4 138.4 0 0 0-32-3.93c-53 0-96 28.66-96 64s43 64 96 64 96-28.65 96-64V32a32 32 0 0 0-41.62-30.49z"
                fill="currentColor"
              />
            </svg>
          </fa-icon>
          <div
            class="text alt"
          >
            updates
          </div>
        </a>
        <span
          class="dot"
        />
        <a
          routerlink="/discography"
        >
          <div
            class="text main"
          >
            作品集
          </div>
          <fa-icon
            class="ng-fa-icon"
            ng-reflect-icon="[object Object]"
            ng-reflect-size="sm"
            size="sm"
          >
            <svg
              aria-hidden="true"
              class="svg-inline--fa fa-music fa-w-16 fa-sm"
              data-icon="music"
              data-prefix="fas"
              focusable="false"
              role="img"
              viewBox="0 0 512 512"
              xmlns="http://www.w3.org/2000/svg"
            >
              <path
                d="M470.38 1.51L150.41 96A32 32 0 0 0 128 126.51v261.41A139 139 0 0 0 96 384c-53 0-96 28.66-96 64s43 64 96 64 96-28.66 96-64V214.32l256-75v184.61a138.4 138.4 0 0 0-32-3.93c-53 0-96 28.66-96 64s43 64 96 64 96-28.65 96-64V32a32 32 0 0 0-41.62-30.49z"
                fill="currentColor"
              />
            </svg>
          </fa-icon>
          <div
            class="text alt"
          >
            discography
          </div>
        </a>
        <span
          class="dot"
        />
        <a
          routerlink="/media"
        >
          <div
            class="text main"
          >
            媒体
          </div>
          <fa-icon
            class="ng-fa-icon"
            ng-reflect-icon="[object Object]"
            ng-reflect-size="sm"
            size="sm"
          >
            <svg
              aria-hidden="true"
              class="svg-inline--fa fa-music fa-w-16 fa-sm"
              data-icon="music"
              data-prefix="fas"
              focusable="false"
              role="img"
              viewBox="0 0 512 512"
              xmlns="http://www.w3.org/2000/svg"
            >
              <path
                d="M470.38 1.51L150.41 96A32 32 0 0 0 128 126.51v261.41A139 139 0 0 0 96 384c-53 0-96 28.66-96 64s43 64 96 64 96-28.66 96-64V214.32l256-75v184.61a138.4 138.4 0 0 0-32-3.93c-53 0-96 28.66-96 64s43 64 96 64 96-28.65 96-64V32a32 32 0 0 0-41.62-30.49z"
                fill="currentColor"
              />
            </svg>
          </fa-icon>
          <div
            class="text alt"
          >
            media
          </div>
        </a>
      </div>
    </div>
    <app-scrollable-labels
      class="tab-menu"
    >
      <span
        class="edge-fade left"
      />
      <div
        class="label-list"
      >
        
        <a
          routerlink="/updates"
        >
          <div
            class="text main"
          >
            动态
          </div>
          <fa-icon
            class="ng-fa-icon"
            ng-reflect-icon="[object Object]"
            ng-reflect-size="sm"
            size="sm"
          >
            <svg
              aria-hidden="true"
              class="svg-inline--fa fa-music fa-w-16 fa-sm"
              data-icon="music"
              data-prefix="fas"
              focusable="false"
              role="img"
              viewBox="0 0 512 512"
              xmlns="http://www.w3.org/2000/svg"
            >
              <path
                d="M470.38 1.51L150.41 96A32 32 0 0 0 128 126.51v261.41A139 139 0 0 0 96 384c-53 0-96 28.66-96 64s43 64 96 64 96-28.66 96-64V214.32l256-75v184.61a138.4 138.4 0 0 0-32-3.93c-53 0-96 28.66-96 64s43 64 96 64 96-28.65 96-64V32a32 32 0 0 0-41.62-30.49z"
                fill="currentColor"
              />
            </svg>
          </fa-icon>
          <div
            class="text alt"
          >
            updates
          </div>
        </a>
        <span
          class="dot"
        />
        <a
          routerlink="/discography"
        >
          <div
            class="text main"
          >
            作品集
          </div>
          <fa-icon
            class="ng-fa-icon"
            ng-reflect-icon="[object Object]"
            ng-reflect-size="sm"
            size="sm"
          >
            <svg
              aria-hidden="true"
              class="svg-inline--fa fa-music fa-w-16 fa-sm"
              data-icon="music"
              data-prefix="fas"
              focusable="false"
              role="img"
              viewBox="0 0 512 512"
              xmlns="http://www.w3.org/2000/svg"
            >
              <path
                d="M470.38 1.51L150.41 96A32 32 0 0 0 128 126.51v261.41A139 139 0 0 0 96 384c-53 0-96 28.66-96 64s43 64 96 64 96-28.66 96-64V214.32l256-75v184.61a138.4 138.4 0 0 0-32-3.93c-53 0-96 28.66-96 64s43 64 96 64 96-28.65 96-64V32a32 32 0 0 0-41.62-30.49z"
                fill="currentColor"
              />
            </svg>
          </fa-icon>
          <div
            class="text alt"
          >
            discography
          </div>
        </a>
        <span
          class="dot"
        />
        <a
          routerlink="/media"
        >
          <div
            class="text main"
          >
            媒体
          </div>
          <fa-icon
            class="ng-fa-icon"
            ng-reflect-icon="[object Object]"
            ng-reflect-size="sm"
            size="sm"
          >
            <svg
              aria-hidden="true"
              class="svg-inline--fa fa-music fa-w-16 fa-sm"
              data-icon="music"
              data-prefix="fas"
              focusable="false"
              role="img"
              viewBox="0 0 512 512"
              xmlns="http://www.w3.org/2000/svg"
            >
              <path
                d="M470.38 1.51L150.41 96A32 32 0 0 0 128 126.51v261.41A139 139 0 0 0 96 384c-53 0-96 28.66-96 64s43 64 96 64 96-28.66 96-64V214.32l256-75v184.61a138.4 138.4 0 0 0-32-3.93c-53 0-96 28.66-96 64s43 64 96 64 96-28.65 96-64V32a32 32 0 0 0-41.62-30.49z"
                fill="currentColor"
              />
            </svg>
          </fa-icon>
          <div
            class="text alt"
          >
            media
          </div>
        </a>
        <div
          class="end-pad"
        />
      </div>
      <span
        class="edge-fade right"
      />
    </app-scrollable-labels>
    
  </app-header>
</storybook-dynamic-app-root>
`;

exports[`Storyshots Scrollable Labels Default 1`] = `
<storybook-dynamic-app-root
  cfr={[Function CodegenComponentFactoryResolver]}
  data={[Function Object]}
  target={[Function ViewContainerRef_]}
>
  <ng-component
    _nghost-a-c0=""
  >
    <app-scrollable-labels
      _ngcontent-a-c0=""
    >
      <span
        class="edge-fade left"
      />
      <div
        class="label-list"
      >
        <div
          _ngcontent-a-c0=""
          class="label"
        >
          Scrollable Label #1
        </div>
        <div
          _ngcontent-a-c0=""
          class="label"
        >
          Scrollable Label #2
        </div>
        <div
          _ngcontent-a-c0=""
          class="label"
        >
          Scrollable Label #3
        </div>
        <div
          _ngcontent-a-c0=""
          class="label"
        >
          Scrollable Label #4
        </div>
        <div
          _ngcontent-a-c0=""
          class="label"
        >
          Scrollable Label #5
        </div>
        <div
          _ngcontent-a-c0=""
          class="label"
        >
          Scrollable Label #6
        </div>
        <div
          _ngcontent-a-c0=""
          class="label"
        >
          Scrollable Label #7
        </div>
        <div
          _ngcontent-a-c0=""
          class="label"
        >
          Scrollable Label #8
        </div>
        <div
          _ngcontent-a-c0=""
          class="label"
        >
          Scrollable Label #9
        </div>
        <div
          _ngcontent-a-c0=""
          class="label"
        >
          Scrollable Label #10
        </div>
        <div
          class="end-pad"
        />
      </div>
      <span
        class="edge-fade right"
      />
    </app-scrollable-labels>
  </ng-component>
</storybook-dynamic-app-root>
`;
